╮
╰── ╭────────────────╮
    │ Key: 1         │
    ├────────────────┤
    │ Rank: 0        │
    │ Marked: false  │
    │ Parent: (null) │
    │ Next: 1        │
    │ Prev: 1        │
    │ Child: (null)  │
    ╰────────────────╯
