╮
├── ╭────────────────╮
│   │ Key: 3         │
│   ├────────────────┤
│   │ Rank: 0        │
│   │ Marked: false  │
│   │ Parent: (null) │
│   │ Next: 2        │
│   │ Prev: 1        │
│   │ Child: (null)  │
│   ╰────────────────╯
├── ╭────────────────╮
│   │ Key: 2         │
│   ├────────────────┤
│   │ Rank: 0        │
│   │ Marked: false  │
│   │ Parent: (null) │
│   │ Next: 1        │
│   │ Prev: 3        │
│   │ Child: (null)  │
│   ╰────────────────╯
╰── ╭────────────────╮
    │ Key: 1         │
    ├────────────────┤
    │ Rank: 0        │
    │ Marked: false  │
    │ Parent: (null) │
    │ Next: 3        │
    │ Prev: 2        │
    │ Child: (null)  │
    ╰────────────────╯
