╮
╰── ╭────────────────╮
    │ Key: -25       │
    ├────────────────┤
    │ Rank: 2        │
    │ Marked: false  │
    │ Parent: (null) │
    │ Next: -25      │
    │ Prev: -25      │
    │ Child: -15     │
    ╰────────────────╯
    ├── ╭───────────────╮
    │   │ Key: -15      │
    │   ├───────────────┤
    │   │ Rank: 1       │
    │   │ Marked: false │
    │   │ Parent: -25   │
    │   │ Next: -20     │
    │   │ Prev: -20     │
    │   │ Child: -10    │
    │   ╰───────────────╯
    │   ╰── ╭───────────────╮
    │       │ Key: -10      │
    │       ├───────────────┤
    │       │ Rank: 0       │
    │       │ Marked: false │
    │       │ Parent: -15   │
    │       │ Next: -10     │
    │       │ Prev: -10     │
    │       │ Child: (null) │
    │       ╰───────────────╯
    ╰── ╭───────────────╮
        │ Key: -20      │
        ├───────────────┤
        │ Rank: 0       │
        │ Marked: false │
        │ Parent: -25   │
        │ Next: -15     │
        │ Prev: -15     │
        │ Child: (null) │
        ╰───────────────╯
