╮
╰── ╭────────────────╮
    │ Key: 1         │
    ├────────────────┤
    │ Rank: 1        │
    │ Marked: false  │
    │ Parent: (null) │
    │ Next: 1        │
    │ Prev: 1        │
    │ Child: 3       │
    ╰────────────────╯
    ╰── ╭───────────────╮
        │ Key: 3        │
        ├───────────────┤
        │ Rank: 0       │
        │ Marked: false │
        │ Parent: 1     │
        │ Next: 3       │
        │ Prev: 3       │
        │ Child: (null) │
        ╰───────────────╯
