╮
├── ╭────────────────╮
│   │ Key: 0         │
│   ├────────────────┤
│   │ Rank: 0        │
│   │ Marked: false  │
│   │ Parent: (null) │
│   │ Next: 2        │
│   │ Prev: 5        │
│   │ Child: (null)  │
│   ╰────────────────╯
├── ╭────────────────╮
│   │ Key: 2         │
│   ├────────────────┤
│   │ Rank: 0        │
│   │ Marked: false  │
│   │ Parent: (null) │
│   │ Next: 8        │
│   │ Prev: 0        │
│   │ Child: (null)  │
│   ╰────────────────╯
├── ╭────────────────╮
│   │ Key: 8         │
│   ├────────────────┤
│   │ Rank: 0        │
│   │ Marked: false  │
│   │ Parent: (null) │
│   │ Next: 5        │
│   │ Prev: 2        │
│   │ Child: (null)  │
│   ╰────────────────╯
╰── ╭────────────────╮
    │ Key: 5         │
    ├────────────────┤
    │ Rank: 0        │
    │ Marked: false  │
    │ Parent: (null) │
    │ Next: 0        │
    │ Prev: 8        │
    │ Child: (null)  │
    ╰────────────────╯
