╮
├── ╭────────────────╮
│   │ Key: -3        │
│   ├────────────────┤
│   │ Rank: 0        │
│   │ Marked: false  │
│   │ Parent: (null) │
│   │ Next: -2       │
│   │ Prev: 1        │
│   │ Child: (null)  │
│   ╰────────────────╯
├── ╭────────────────╮
│   │ Key: -2        │
│   ├────────────────┤
│   │ Rank: 1        │
│   │ Marked: false  │
│   │ Parent: (null) │
│   │ Next: 1        │
│   │ Prev: -3       │
│   │ Child: -1      │
│   ╰────────────────╯
│   ╰── ╭───────────────╮
│       │ Key: -1       │
│       ├───────────────┤
│       │ Rank: 0       │
│       │ Marked: false │
│       │ Parent: -2    │
│       │ Next: -1      │
│       │ Prev: -1      │
│       │ Child: (null) │
│       ╰───────────────╯
╰── ╭────────────────╮
    │ Key: 1         │
    ├────────────────┤
    │ Rank: 4        │
    │ Marked: false  │
    │ Parent: (null) │
    │ Next: -3       │
    │ Prev: -2       │
    │ Child: 10      │
    ╰────────────────╯
    ├── ╭───────────────╮
    │   │ Key: 10       │
    │   ├───────────────┤
    │   │ Rank: 3       │
    │   │ Marked: false │
    │   │ Parent: 1     │
    │   │ Next: 5       │
    │   │ Prev: 2       │
    │   │ Child: 14     │
    │   ╰───────────────╯
    │   ├── ╭───────────────╮
    │   │   │ Key: 14       │
    │   │   ├───────────────┤
    │   │   │ Rank: 2       │
    │   │   │ Marked: false │
    │   │   │ Parent: 10    │
    │   │   │ Next: 12      │
    │   │   │ Prev: 11      │
    │   │   │ Child: 16     │
    │   │   ╰───────────────╯
    │   │   ├── ╭───────────────╮
    │   │   │   │ Key: 16       │
    │   │   │   ├───────────────┤
    │   │   │   │ Rank: 1       │
    │   │   │   │ Marked: false │
    │   │   │   │ Parent: 14    │
    │   │   │   │ Next: 15      │
    │   │   │   │ Prev: 15      │
    │   │   │   │ Child: 17     │
    │   │   │   ╰───────────────╯
    │   │   │   ╰── ╭───────────────╮
    │   │   │       │ Key: 17       │
    │   │   │       ├───────────────┤
    │   │   │       │ Rank: 0       │
    │   │   │       │ Marked: false │
    │   │   │       │ Parent: 16    │
    │   │   │       │ Next: 17      │
    │   │   │       │ Prev: 17      │
    │   │   │       │ Child: (null) │
    │   │   │       ╰───────────────╯
    │   │   ╰── ╭───────────────╮
    │   │       │ Key: 15       │
    │   │       ├───────────────┤
    │   │       │ Rank: 0       │
    │   │       │ Marked: false │
    │   │       │ Parent: 14    │
    │   │       │ Next: 16      │
    │   │       │ Prev: 16      │
    │   │       │ Child: (null) │
    │   │       ╰───────────────╯
    │   ├── ╭───────────────╮
    │   │   │ Key: 12       │
    │   │   ├───────────────┤
    │   │   │ Rank: 1       │
    │   │   │ Marked: false │
    │   │   │ Parent: 10    │
    │   │   │ Next: 11      │
    │   │   │ Prev: 14      │
    │   │   │ Child: 13     │
    │   │   ╰───────────────╯
    │   │   ╰── ╭───────────────╮
    │   │       │ Key: 13       │
    │   │       ├───────────────┤
    │   │       │ Rank: 0       │
    │   │       │ Marked: false │
    │   │       │ Parent: 12    │
    │   │       │ Next: 13      │
    │   │       │ Prev: 13      │
    │   │       │ Child: (null) │
    │   │       ╰───────────────╯
    │   ╰── ╭───────────────╮
    │       │ Key: 11       │
    │       ├───────────────┤
    │       │ Rank: 0       │
    │       │ Marked: false │
    │       │ Parent: 10    │
    │       │ Next: 14      │
    │       │ Prev: 12      │
    │       │ Child: (null) │
    │       ╰───────────────╯
    ├── ╭───────────────╮
    │   │ Key: 5        │
    │   ├───────────────┤
    │   │ Rank: 2       │
    │   │ Marked: false │
    │   │ Parent: 1     │
    │   │ Next: 3       │
    │   │ Prev: 10      │
    │   │ Child: 7      │
    │   ╰───────────────╯
    │   ├── ╭───────────────╮
    │   │   │ Key: 7        │
    │   │   ├───────────────┤
    │   │   │ Rank: 1       │
    │   │   │ Marked: false │
    │   │   │ Parent: 5     │
    │   │   │ Next: 6       │
    │   │   │ Prev: 6       │
    │   │   │ Child: 8      │
    │   │   ╰───────────────╯
    │   │   ╰── ╭───────────────╮
    │   │       │ Key: 8        │
    │   │       ├───────────────┤
    │   │       │ Rank: 0       │
    │   │       │ Marked: false │
    │   │       │ Parent: 7     │
    │   │       │ Next: 8       │
    │   │       │ Prev: 8       │
    │   │       │ Child: (null) │
    │   │       ╰───────────────╯
    │   ╰── ╭───────────────╮
    │       │ Key: 6        │
    │       ├───────────────┤
    │       │ Rank: 0       │
    │       │ Marked: false │
    │       │ Parent: 5     │
    │       │ Next: 7       │
    │       │ Prev: 7       │
    │       │ Child: (null) │
    │       ╰───────────────╯
    ├── ╭───────────────╮
    │   │ Key: 3        │
    │   ├───────────────┤
    │   │ Rank: 1       │
    │   │ Marked: false │
    │   │ Parent: 1     │
    │   │ Next: 2       │
    │   │ Prev: 5       │
    │   │ Child: 4      │
    │   ╰───────────────╯
    │   ╰── ╭───────────────╮
    │       │ Key: 4        │
    │       ├───────────────┤
    │       │ Rank: 0       │
    │       │ Marked: false │
    │       │ Parent: 3     │
    │       │ Next: 4       │
    │       │ Prev: 4       │
    │       │ Child: (null) │
    │       ╰───────────────╯
    ╰── ╭───────────────╮
        │ Key: 2        │
        ├───────────────┤
        │ Rank: 0       │
        │ Marked: false │
        │ Parent: 1     │
        │ Next: 10      │
        │ Prev: 3       │
        │ Child: (null) │
        ╰───────────────╯
