╮
╰── ╭───────────────────╮
    │ Key: -2147483648  │
    ├───────────────────┤
    │ Rank: 0           │
    │ Marked: false     │
    │ Parent: (null)    │
    │ Next: -2147483648 │
    │ Prev: -2147483648 │
    │ Child: (null)     │
    ╰───────────────────╯
